// Jest Snapshot v1, https://goo.gl/fbAQLP

exports[`Logout renders without crashing given the required props 1`] = `null`;
